Microchip MPLAB XC8 Compiler V1.41 ()

Linker command line:

-W-3 --edf=C:\Program Files (x86)\Microchip\xc8\v1.41\dat\en_msgs.txt -cs \
  -h+dist/default/production\GlowThingCuriosity.X.production.sym \
  --cmf=dist/default/production\GlowThingCuriosity.X.production.cmf -z \
  -Q16F1708 -oC:\Users\Alec\AppData\Local\Temp\s504.2 \
  -Mdist/default/production/GlowThingCuriosity.X.production.map -E1 \
  -ver=XC8 -ASTACK=02086h-021efh -pstack=STACK -ACODE=00h-07FFhx2 \
  -ASTRCODE=00h-0FFFh -ASTRING=00h-0FFhx16 -ACONST=00h-0FFhx16 \
  -AENTRY=00h-0FFhx16 -ACOMMON=070h-07Fh -ABANK0=020h-06Fh \
  -ABANK1=0A0h-0EFh -ABANK2=0120h-016Fh -ABANK3=01A0h-01EFh \
  -ABANK4=0220h-026Fh -ABANK5=02A0h-02EFh -ABANK6=0320h-032Fh \
  -ABIGRAM=02000h-021EFh \
  -ARAM=020h-06Fh,0A0h-0EFh,0120h-016Fh,01A0h-01EFh,0220h-026Fh,02A0h-02EFh,0320h-032Fh \
  -AABS1=020h-07Fh,0A0h-0EFh,0120h-016Fh,01A0h-01EFh,0220h-026Fh,02A0h-02EFh,0320h-032Fh \
  -ASFR0=00h-01Fh -ASFR1=080h-09Fh -ASFR2=0100h-011Fh -ASFR3=0180h-019Fh \
  -ASFR4=0200h-021Fh -ASFR5=0280h-029Fh -ASFR6=0300h-031Fh \
  -ASFR7=0380h-03EFh -ASFR8=0400h-046Fh -ASFR9=0480h-04EFh \
  -ASFR10=0500h-056Fh -ASFR11=0580h-05EFh -ASFR12=0600h-066Fh \
  -ASFR13=0680h-06EFh -ASFR14=0700h-076Fh -ASFR15=0780h-07EFh \
  -ASFR16=0800h-086Fh -ASFR17=0880h-08EFh -ASFR18=0900h-096Fh \
  -ASFR19=0980h-09EFh -ASFR20=0A00h-0A6Fh -ASFR21=0A80h-0AEFh \
  -ASFR22=0B00h-0B6Fh -ASFR23=0B80h-0BEFh -ASFR24=0C00h-0C6Fh \
  -ASFR25=0C80h-0CEFh -ASFR26=0D00h-0D6Fh -ASFR27=0D80h-0DEFh \
  -ASFR28=0E00h-0E6Fh -ASFR29=0E80h-0EEFh -ASFR30=0F00h-0F6Fh \
  -ASFR31=0F80h-0FEFh -preset_vec=00h,intentry,init,end_init -ppowerup=CODE \
  -pcinit=CODE -pfunctab=CODE -ACONFIG=08007h-08008h -pconfig=CONFIG \
  -DCONFIG=2 -AIDLOC=08000h-08003h -pidloc=IDLOC -DIDLOC=2 -DCODE=2 \
  -DSTRCODE=2 -DSTRING=2 -DCONST=2 -DENTRY=2 -k \
  C:\Users\Alec\AppData\Local\Temp\s504.obj \
  dist/default/production\GlowThingCuriosity.X.production.obj 

Object code version is 3.11

Machine type is 16F1708



                Name                               Link     Load   Length Selector   Space Scale
C:\Users\Alec\AppData\Local\Temp\s504.obj
                end_init                              2        2        2        0       0
                reset_vec                             0        0        2        0       0
                config                             8007     8007        2    1000E       0
dist/default/production\GlowThingCuriosity.X.production.obj
                cinit                               7E5      7E5       1B      FCA       0
                text35                              E91      E91       64     1D22       0
                text34                              CAC      CAC       22     1958       0
                text33                              2AF      2AF       F6      55E       0
                text32                               87       87       A9      10E       0
                text31                              D32      D32       3C     1A64       0
                text30                              130      130       B4      260       0
                text29                              BBC      BBC        8     1778       0
                text28                              CCE      CCE       2F     199C       0
                text27                              DAB      DAB       43     1B56       0
                text26                              62D      62D      1B8      C5A       0
                text25                              BEE      BEE       13     17DC       0
                text24                              C4E      C4E       1E     189C       0
                text23                              C16      C16       1B     182C       0
                text22                              E31      E31       60     1C62       0
                text21                              D6E      D6E       3D     1ADC       0
                text20                              F7A      F7A       86     1EF4       0
                text19                              CFD      CFD       35     19FA       0
                text18                              EF5      EF5       85     1DEA       0
                text17                              4D6      4D6      157      9AC       0
                text16                              1E4      1E4       CB      3C8       0
                text15                              C6C      C6C       20     18D8       0
                text14                              C8C      C8C       20     1918       0
                text13                              C31      C31       1D     1862       0
                text12                              3A5      3A5      131      74A       0
                text11                               15       15       72       2A       0
                text10                              BB0      BB0        6     1760       0
                text9                               DEE      DEE       43     1BDC       0
                text8                               BC4      BC4        8     1788       0
                text7                               BCC      BCC        8     1798       0
                text6                               BDC      BDC        9     17B8       0
                text5                               BA5      BA5        3     174A       0
                text4                               BE5      BE5        9     17CA       0
                text3                               BA8      BA8        4     1750       0
                text2                               C01      C01       15     1802       0
                text1                               BD4      BD4        8     17A8       0
                maintext                              4        4       11        0       0
                cstackBANK0                          20       20       50       20       1
                cstackCOMMON                         70       70        E       70       1
                cstackBANK1                          C3       C3        F       A0       1
                clrtext                             BB6      BB6        6     176C       0
                dataBANK1                            D2       D2        4       A0       1
                bssBANK1                             A0       A0       23       A0       1
                stringtext                          800      800       1B     1000       0
                idataBANK1                          BAC      BAC        4     1758       0

TOTAL           Name                               Link     Load   Length     Space
        CLASS   STACK          

        CLASS   CODE           
                end_init                              2        2        2         0
                cinit                               7E5      7E5       1B         0
                reset_vec                             0        0        2         0
                text35                              E91      E91       64         0
                text34                              CAC      CAC       22         0
                text33                              2AF      2AF       F6         0
                text32                               87       87       A9         0
                text31                              D32      D32       3C         0
                text30                              130      130       B4         0
                text29                              BBC      BBC        8         0
                text28                              CCE      CCE       2F         0
                text27                              DAB      DAB       43         0
                text26                              62D      62D      1B8         0
                text25                              BEE      BEE       13         0
                text24                              C4E      C4E       1E         0
                text23                              C16      C16       1B         0
                text22                              E31      E31       60         0
                text21                              D6E      D6E       3D         0
                text20                              F7A      F7A       86         0
                text19                              CFD      CFD       35         0
                text18                              EF5      EF5       85         0
                text17                              4D6      4D6      157         0
                text16                              1E4      1E4       CB         0
                text15                              C6C      C6C       20         0
                text14                              C8C      C8C       20         0
                text13                              C31      C31       1D         0
                text12                              3A5      3A5      131         0
                text11                               15       15       72         0
                text10                              BB0      BB0        6         0
                text9                               DEE      DEE       43         0
                text8                               BC4      BC4        8         0
                text7                               BCC      BCC        8         0
                text6                               BDC      BDC        9         0
                text5                               BA5      BA5        3         0
                text4                               BE5      BE5        9         0
                text3                               BA8      BA8        4         0
                text2                               C01      C01       15         0
                text1                               BD4      BD4        8         0
                maintext                              4        4       11         0
                clrtext                             BB6      BB6        6         0
                idataBANK1                          BAC      BAC        4         0

        CLASS   STRCODE        
                stringtext                          800      800       1B         0

        CLASS   STRING         

        CLASS   CONST          

        CLASS   ENTRY          

        CLASS   COMMON         
                cstackCOMMON                         70       70        E         1

        CLASS   BANK0          
                cstackBANK0                          20       20       50         1

        CLASS   BANK1          
                cstackBANK1                          C3       C3        F         1
                dataBANK1                            D2       D2        4         1
                bssBANK1                             A0       A0       23         1

        CLASS   BANK2          

        CLASS   BANK3          

        CLASS   BANK4          

        CLASS   BANK5          

        CLASS   BANK6          

        CLASS   BIGRAM         

        CLASS   RAM            

        CLASS   ABS1           
                abs_s1                               7E       7E        2         1

        CLASS   SFR0           

        CLASS   SFR1           

        CLASS   SFR2           

        CLASS   SFR3           

        CLASS   SFR4           

        CLASS   SFR5           

        CLASS   SFR6           

        CLASS   SFR7           

        CLASS   SFR8           

        CLASS   SFR9           

        CLASS   SFR10          

        CLASS   SFR11          

        CLASS   SFR12          

        CLASS   SFR13          

        CLASS   SFR14          

        CLASS   SFR15          

        CLASS   SFR16          

        CLASS   SFR17          

        CLASS   SFR18          

        CLASS   SFR19          

        CLASS   SFR20          

        CLASS   SFR21          

        CLASS   SFR22          

        CLASS   SFR23          

        CLASS   SFR24          

        CLASS   SFR25          

        CLASS   SFR26          

        CLASS   SFR27          

        CLASS   SFR28          

        CLASS   SFR29          

        CLASS   SFR30          

        CLASS   SFR31          

        CLASS   CONFIG         
                config                             8007     8007        2         0

        CLASS   IDLOC          

        CLASS   BANK31         

        CLASS   BANK30         

        CLASS   BANK29         

        CLASS   BANK28         

        CLASS   BANK27         

        CLASS   BANK26         

        CLASS   BANK25         

        CLASS   BANK24         

        CLASS   BANK23         

        CLASS   BANK22         

        CLASS   BANK21         

        CLASS   BANK20         

        CLASS   BANK19         

        CLASS   BANK18         

        CLASS   BANK17         

        CLASS   BANK16         

        CLASS   BANK15         

        CLASS   BANK14         

        CLASS   BANK13         

        CLASS   BANK12         

        CLASS   BANK11         

        CLASS   BANK10         

        CLASS   BANK9          

        CLASS   BANK8          

        CLASS   BANK7          

        CLASS   EEDATA         



SEGMENTS        Name                           Load    Length   Top    Selector   Space  Class     Delta

                reset_vec                      000000  000015  000015         0       0  CODE        2
                cstackBANK0                    000020  000050  000070        20       1  BANK0       1
                text11                         000015  000072  000087        2A       0  CODE        2
                cstackCOMMON                   000070  00000E  00007E        70       1  COMMON      1
                bssBANK1                       0000A0  000036  0000D6        A0       1  BANK1       1
                text32                         000087  0000A9  000130       10E       0  CODE        2
                text30                         000130  0000B4  0001E4       260       0  CODE        2
                text16                         0001E4  0000CB  0002AF       3C8       0  CODE        2
                text33                         0002AF  0000F6  0003A5       55E       0  CODE        2
                text12                         0003A5  000131  0004D6       74A       0  CODE        2
                text17                         0004D6  000157  00062D       9AC       0  CODE        2
                text26                         00062D  0001B8  0007E5       C5A       0  CODE        2
                cinit                          0007E5  00001B  000800       FCA       0  CODE        2
                stringtext                     000800  00001B  00081B      1000       0  STRCODE     2
                text5                          000BA5  000003  000BA8      174A       0  CODE        2
                text3                          000BA8  000004  000BAC      1750       0  CODE        2
                idataBANK1                     000BAC  000004  000BB0      1758       0  CODE        2
                text10                         000BB0  000006  000BB6      1760       0  CODE        2
                clrtext                        000BB6  000006  000BBC      176C       0  CODE        2
                text29                         000BBC  000008  000BC4      1778       0  CODE        2
                text8                          000BC4  000008  000BCC      1788       0  CODE        2
                text7                          000BCC  000008  000BD4      1798       0  CODE        2
                text1                          000BD4  000008  000BDC      17A8       0  CODE        2
                text6                          000BDC  000009  000BE5      17B8       0  CODE        2
                text4                          000BE5  000009  000BEE      17CA       0  CODE        2
                text25                         000BEE  000013  000C01      17DC       0  CODE        2
                text2                          000C01  000015  000C16      1802       0  CODE        2
                text23                         000C16  00001B  000C31      182C       0  CODE        2
                text13                         000C31  00001D  000C4E      1862       0  CODE        2
                text24                         000C4E  00001E  000C6C      189C       0  CODE        2
                text15                         000C6C  000020  000C8C      18D8       0  CODE        2
                text14                         000C8C  000020  000CAC      1918       0  CODE        2
                text34                         000CAC  000022  000CCE      1958       0  CODE        2
                text28                         000CCE  00002F  000CFD      199C       0  CODE        2
                text19                         000CFD  000035  000D32      19FA       0  CODE        2
                text31                         000D32  00003C  000D6E      1A64       0  CODE        2
                text21                         000D6E  00003D  000DAB      1ADC       0  CODE        2
                text27                         000DAB  000043  000DEE      1B56       0  CODE        2
                text9                          000DEE  000043  000E31      1BDC       0  CODE        2
                text22                         000E31  000060  000E91      1C62       0  CODE        2
                text35                         000E91  000064  000EF5      1D22       0  CODE        2
                text18                         000EF5  000085  000F7A      1DEA       0  CODE        2
                text20                         000F7A  000086  001000      1EF4       0  CODE        2
                config                         008007  000002  008009     1000E       0  CONFIG      2


UNUSED ADDRESS RANGES

        Name                Unused          Largest block    Delta
        BANK1            000D6-000EF              1A           1
        BANK2            00120-0016F              50           1
        BANK3            001A0-001EF              50           1
        BANK4            00220-0026F              50           1
        BANK5            002A0-002EF              50           1
        BANK6            00320-0032F              10           1
        BIGRAM           02000-021EF             1F0           1
        CODE             0081B-00BA4             38A           2
        CONST            0081B-00BA4             100           2
        ENTRY            0081B-00BA4             100           2
        IDLOC            08000-08003               4           2
        RAM              000D6-000EF              1A           1
                         00120-0016F              50
                         001A0-001EF              50
                         00220-0026F              50
                         002A0-002EF              50
                         00320-0032F              10
        SFR0             00000-0001F              20           1
        SFR1             00080-0009F              20           1
        SFR10            00500-0056F              70           1
        SFR11            00580-005EF              70           1
        SFR12            00600-0066F              70           1
        SFR13            00680-006EF              70           1
        SFR14            00700-0076F              70           1
        SFR15            00780-007EF              70           1
        SFR16            00800-0086F              70           1
        SFR17            00880-008EF              70           1
        SFR18            00900-0096F              70           1
        SFR19            00980-009EF              70           1
        SFR2             00100-0011F              20           1
        SFR20            00A00-00A6F              70           1
        SFR21            00A80-00AEF              70           1
        SFR22            00B00-00B6F              70           1
        SFR23            00B80-00BEF              70           1
        SFR24            00C00-00C6F              70           1
        SFR25            00C80-00CEF              70           1
        SFR26            00D00-00D6F              70           1
        SFR27            00D80-00DEF              70           1
        SFR28            00E00-00E6F              70           1
        SFR29            00E80-00EEF              70           1
        SFR3             00180-0019F              20           1
        SFR30            00F00-00F6F              70           1
        SFR31            00F80-00FEF              70           1
        SFR4             00200-0021F              20           1
        SFR5             00280-0029F              20           1
        SFR6             00300-0031F              20           1
        SFR7             00380-003EF              70           1
        SFR8             00400-0046F              70           1
        SFR9             00480-004EF              70           1
        STACK            02086-021EF             16A           1
        STRCODE          0081B-00BA4             38A           2
        STRING           0081B-00BA4             100           2

                                  Symbol Table

?_Heartbeat                      cstackBANK0  0006B
?___altoft                       cstackBANK0  00020
?___awtoft                       cstackBANK0  00025
?___ftadd                        cstackBANK0  00030
?___ftdiv                        cstackBANK0  00047
?___ftmul                        cstackBANK0  00020
?___ftneg                        cstackCOMMON 00070
?___ftpack                       cstackCOMMON 00070
?___ftsub                        cstackBANK0  00057
?___fttol                        cstackCOMMON 00070
?___lmul                         cstackCOMMON 00070
?___lwtoft                       cstackCOMMON 00078
?___wmul                         cstackCOMMON 00070
?_eval_poly                      cstackBANK0  0003D
?_floor                          cstackBANK0  0003D
?_rand                           cstackCOMMON 0007C
?_sin                            cstackBANK0  0005D
Generate_Desired@rand1           cstackBANK0  0005A
Generate_Desired@rand2           cstackBANK0  0005D
Generate_Desired@rand3           cstackBANK0  00060
Generate_Desired@sum             cstackBANK0  00063
Heartbeat@SetVal                 cstackBANK0  0006B
PIN_MANAGER_Initialize@state     cstackCOMMON 00070
PWM1_LoadDutyValue@dutyValue     cstackBANK0  0006E
PWM2_LoadDutyValue@dutyValue     cstackBANK0  0006E
PWM3_LoadDutyValue@dutyValue     cstackBANK0  0006E
_ANSELA                          (abs)        0018C
_ANSELB                          (abs)        0018D
_ANSELC                          (abs)        0018E
_CCP1CON                         (abs)        00293
_CCP2CON                         (abs)        0029A
_CCPR1H                          (abs)        00292
_CCPR1L                          (abs)        00291
_CCPR2H                          (abs)        00299
_CCPR2L                          (abs)        00298
_CCPTMRSbits                     (abs)        0029E
_GIE                             (abs)        0005F
_Generate_Desired                text26       0062D
_Generate_Desired$767            cstackBANK0  00057
_Go_To_Desired                   text11       00015
_Heartbeat                       text16       001E4
_Heartbeat$764                   cstackBANK1  000C3
_Heartbeat$765                   cstackBANK1  000C6
_Heartbeat$766                   cstackBANK1  000C9
_LATA                            (abs)        0010C
_LATB                            (abs)        0010D
_LATC                            (abs)        0010E
_ODCONA                          (abs)        0028C
_ODCONB                          (abs)        0028D
_ODCONC                          (abs)        0028E
_OPTION_REGbits                  (abs)        00095
_OSCCON                          (abs)        00099
_OSCILLATOR_Initialize           text10       00BB0
_OSCSTAT                         (abs)        0009A
_OSCTUNE                         (abs)        00098
_PIN_MANAGER_Initialize          text9        00DEE
_PIR1bits                        (abs)        00011
_PPSLOCK                         (abs)        00E0F
_PPSLOCKbits                     (abs)        00E0F
_PR2                             (abs)        0001B
_PWM1_Initialize                 text8        00BC4
_PWM1_LoadDutyValue              text15       00C6C
_PWM2_Initialize                 text7        00BCC
_PWM2_LoadDutyValue              text14       00C8C
_PWM3CON                         (abs)        00619
_PWM3DCH                         (abs)        00618
_PWM3DCL                         (abs)        00617
_PWM3_Initialize                 text6        00BDC
_PWM3_LoadDutyValue              text13       00C31
_Pwm_1_Current                   bssBANK1     000B5
_Pwm_1_Desired                   bssBANK1     000B8
_Pwm_1_Step                      bssBANK1     000B2
_Pwm_2_Current                   bssBANK1     000AC
_Pwm_2_Desired                   bssBANK1     000AF
_Pwm_2_Step                      bssBANK1     000A9
_Pwm_3_Current                   bssBANK1     000A3
_Pwm_3_Desired                   bssBANK1     000A6
_Pwm_3_Step                      bssBANK1     000A0
_RA0PPSbits                      (abs)        00E90
_RA1PPSbits                      (abs)        00E91
_RA2PPSbits                      (abs)        00E92
_SYSTEM_Initialize               text2        00C01
_Step                            text12       003A5
_Step$768                        cstackBANK1  000CF
_T2CON                           (abs)        0001C
_T2CONbits                       (abs)        0001C
_TMR2                            (abs)        0001A
_TMR2_Initialize                 text4        00BE5
_TMR2_StartTimer                 text5        00BA5
_TRISA                           (abs)        0008C
_TRISB                           (abs)        0008D
_TRISC                           (abs)        0008E
_WDTCON                          (abs)        00097
_WDT_Initialize                  text3        00BA8
_WPUA                            (abs)        0020C
_WPUB                            (abs)        0020D
_WPUC                            (abs)        0020E
__CFG_BOREN$OFF                  (abs)        00000
__CFG_BORV$LO                    (abs)        00000
__CFG_CLKOUTEN$OFF               (abs)        00000
__CFG_CP$OFF                     (abs)        00000
__CFG_FCMEN$OFF                  (abs)        00000
__CFG_FOSC$INTOSC                (abs)        00000
__CFG_IESO$ON                    (abs)        00000
__CFG_LPBOR$OFF                  (abs)        00000
__CFG_LVP$ON                     (abs)        00000
__CFG_MCLRE$ON                   (abs)        00000
__CFG_PLLEN$ON                   (abs)        00000
__CFG_PPS1WAY$ON                 (abs)        00000
__CFG_PWRTE$OFF                  (abs)        00000
__CFG_STVREN$ON                  (abs)        00000
__CFG_WDTE$OFF                   (abs)        00000
__CFG_WRT$OFF                    (abs)        00000
__CFG_ZCDDIS$ON                  (abs)        00000
__Habs1                          abs1         00000
__Hbank0                         bank0        00000
__Hbank1                         bank1        00000
__Hbank10                        bank10       00000
__Hbank11                        bank11       00000
__Hbank12                        bank12       00000
__Hbank13                        bank13       00000
__Hbank14                        bank14       00000
__Hbank15                        bank15       00000
__Hbank16                        bank16       00000
__Hbank17                        bank17       00000
__Hbank18                        bank18       00000
__Hbank19                        bank19       00000
__Hbank2                         bank2        00000
__Hbank20                        bank20       00000
__Hbank21                        bank21       00000
__Hbank22                        bank22       00000
__Hbank23                        bank23       00000
__Hbank24                        bank24       00000
__Hbank25                        bank25       00000
__Hbank26                        bank26       00000
__Hbank27                        bank27       00000
__Hbank28                        bank28       00000
__Hbank29                        bank29       00000
__Hbank3                         bank3        00000
__Hbank30                        bank30       00000
__Hbank31                        bank31       00000
__Hbank4                         bank4        00000
__Hbank5                         bank5        00000
__Hbank6                         bank6        00000
__Hbank7                         bank7        00000
__Hbank8                         bank8        00000
__Hbank9                         bank9        00000
__Hbigram                        bigram       00000
__HbssBANK1                      bssBANK1     00000
__Hcinit                         cinit        00800
__Hclrtext                       clrtext      00000
__Hcode                          code         00000
__Hcommon                        common       00000
__Hconfig                        config       08009
__HcstackBANK0                   cstackBANK0  00000
__HcstackBANK1                   cstackBANK1  00000
__HcstackCOMMON                  cstackCOMMON 00000
__HdataBANK1                     dataBANK1    00000
__Heeprom_data                   eeprom_data  00000
__Hend_init                      end_init     00004
__Hfunctab                       functab      00000
__HidataBANK1                    idataBANK1   00000
__Hidloc                         idloc        00000
__Hinit                          init         00002
__Hintentry                      intentry     00002
__Hmaintext                      maintext     00000
__Hpowerup                       powerup      00000
__Hram                           ram          00000
__Hreset_vec                     reset_vec    00002
__Hsfr0                          sfr0         00000
__Hsfr1                          sfr1         00000
__Hsfr10                         sfr10        00000
__Hsfr11                         sfr11        00000
__Hsfr12                         sfr12        00000
__Hsfr13                         sfr13        00000
__Hsfr14                         sfr14        00000
__Hsfr15                         sfr15        00000
__Hsfr16                         sfr16        00000
__Hsfr17                         sfr17        00000
__Hsfr18                         sfr18        00000
__Hsfr19                         sfr19        00000
__Hsfr2                          sfr2         00000
__Hsfr20                         sfr20        00000
__Hsfr21                         sfr21        00000
__Hsfr22                         sfr22        00000
__Hsfr23                         sfr23        00000
__Hsfr24                         sfr24        00000
__Hsfr25                         sfr25        00000
__Hsfr26                         sfr26        00000
__Hsfr27                         sfr27        00000
__Hsfr28                         sfr28        00000
__Hsfr29                         sfr29        00000
__Hsfr3                          sfr3         00000
__Hsfr30                         sfr30        00000
__Hsfr31                         sfr31        00000
__Hsfr4                          sfr4         00000
__Hsfr5                          sfr5         00000
__Hsfr6                          sfr6         00000
__Hsfr7                          sfr7         00000
__Hsfr8                          sfr8         00000
__Hsfr9                          sfr9         00000
__Hspace_0                       (abs)        08009
__Hspace_1                       (abs)        000D6
__Hspace_2                       (abs)        00000
__Hspace_3                       (abs)        00000
__Hstack                         stack        00000
__Hstrings                       strings      00000
__Hstringtext                    stringtext   00000
__Htext                          text         00000
__Labs1                          abs1         00000
__Lbank0                         bank0        00000
__Lbank1                         bank1        00000
__Lbank10                        bank10       00000
__Lbank11                        bank11       00000
__Lbank12                        bank12       00000
__Lbank13                        bank13       00000
__Lbank14                        bank14       00000
__Lbank15                        bank15       00000
__Lbank16                        bank16       00000
__Lbank17                        bank17       00000
__Lbank18                        bank18       00000
__Lbank19                        bank19       00000
__Lbank2                         bank2        00000
__Lbank20                        bank20       00000
__Lbank21                        bank21       00000
__Lbank22                        bank22       00000
__Lbank23                        bank23       00000
__Lbank24                        bank24       00000
__Lbank25                        bank25       00000
__Lbank26                        bank26       00000
__Lbank27                        bank27       00000
__Lbank28                        bank28       00000
__Lbank29                        bank29       00000
__Lbank3                         bank3        00000
__Lbank30                        bank30       00000
__Lbank31                        bank31       00000
__Lbank4                         bank4        00000
__Lbank5                         bank5        00000
__Lbank6                         bank6        00000
__Lbank7                         bank7        00000
__Lbank8                         bank8        00000
__Lbank9                         bank9        00000
__Lbigram                        bigram       00000
__LbssBANK1                      bssBANK1     00000
__Lcinit                         cinit        007E5
__Lclrtext                       clrtext      00000
__Lcode                          code         00000
__Lcommon                        common       00000
__Lconfig                        config       08007
__LcstackBANK0                   cstackBANK0  00000
__LcstackBANK1                   cstackBANK1  00000
__LcstackCOMMON                  cstackCOMMON 00000
__LdataBANK1                     dataBANK1    00000
__Leeprom_data                   eeprom_data  00000
__Lend_init                      end_init     00002
__Lfunctab                       functab      00000
__LidataBANK1                    idataBANK1   00000
__Lidloc                         idloc        00000
__Linit                          init         00002
__Lintentry                      intentry     00002
__Lmaintext                      maintext     00000
__Lpowerup                       powerup      00000
__Lram                           ram          00000
__Lreset_vec                     reset_vec    00000
__Lsfr0                          sfr0         00000
__Lsfr1                          sfr1         00000
__Lsfr10                         sfr10        00000
__Lsfr11                         sfr11        00000
__Lsfr12                         sfr12        00000
__Lsfr13                         sfr13        00000
__Lsfr14                         sfr14        00000
__Lsfr15                         sfr15        00000
__Lsfr16                         sfr16        00000
__Lsfr17                         sfr17        00000
__Lsfr18                         sfr18        00000
__Lsfr19                         sfr19        00000
__Lsfr2                          sfr2         00000
__Lsfr20                         sfr20        00000
__Lsfr21                         sfr21        00000
__Lsfr22                         sfr22        00000
__Lsfr23                         sfr23        00000
__Lsfr24                         sfr24        00000
__Lsfr25                         sfr25        00000
__Lsfr26                         sfr26        00000
__Lsfr27                         sfr27        00000
__Lsfr28                         sfr28        00000
__Lsfr29                         sfr29        00000
__Lsfr3                          sfr3         00000
__Lsfr30                         sfr30        00000
__Lsfr31                         sfr31        00000
__Lsfr4                          sfr4         00000
__Lsfr5                          sfr5         00000
__Lsfr6                          sfr6         00000
__Lsfr7                          sfr7         00000
__Lsfr8                          sfr8         00000
__Lsfr9                          sfr9         00000
__Lspace_0                       (abs)        00000
__Lspace_1                       (abs)        00000
__Lspace_2                       (abs)        00000
__Lspace_3                       (abs)        00000
__Lstack                         stack        00000
__Lstrings                       strings      00000
__Lstringtext                    stringtext   00000
__Ltext                          text         00000
__S0                             (abs)        08009
__S1                             (abs)        000D6
__S2                             (abs)        00000
___altoft                        text21       00D6E
___altoft@c                      cstackBANK0  00020
___altoft@exp                    cstackBANK0  00026
___altoft@sign                   cstackBANK0  00027
___awtoft                        text34       00CAC
___awtoft@c                      cstackBANK0  00025
___awtoft@sign                   cstackBANK0  0002A
___ftadd                         text33       002AF
___ftadd@exp1                    cstackBANK0  0003C
___ftadd@exp2                    cstackBANK0  0003B
___ftadd@f1                      cstackBANK0  00030
___ftadd@f2                      cstackBANK0  00033
___ftadd@sign                    cstackBANK0  0003A
___ftdiv                         text32       00087
___ftdiv@cntr                    cstackBANK0  00051
___ftdiv@exp                     cstackBANK0  00055
___ftdiv@f1                      cstackBANK0  0004A
___ftdiv@f2                      cstackBANK0  00047
___ftdiv@f3                      cstackBANK0  00052
___ftdiv@sign                    cstackBANK0  00056
___ftge                          text31       00D32
___ftge@ff1                      cstackBANK0  00020
___ftge@ff2                      cstackBANK0  00023
___ftmul                         text30       00130
___ftmul@cntr                    cstackBANK0  0002E
___ftmul@exp                     cstackBANK0  0002A
___ftmul@f1                      cstackBANK0  00020
___ftmul@f2                      cstackBANK0  00023
___ftmul@f3_as_product           cstackBANK0  0002B
___ftmul@sign                    cstackBANK0  0002F
___ftneg                         text29       00BBC
___ftneg@f1                      cstackCOMMON 00070
___ftpack                        text35       00E91
___ftpack@arg                    cstackCOMMON 00070
___ftpack@exp                    cstackCOMMON 00073
___ftpack@sign                   cstackCOMMON 00074
___ftsub                         text24       00C4E
___ftsub@f1                      cstackBANK0  0005A
___ftsub@f2                      cstackBANK0  00057
___fttol                         text20       00F7A
___fttol@exp1                    cstackCOMMON 0007D
___fttol@f1                      cstackCOMMON 00070
___fttol@lval                    cstackCOMMON 00079
___fttol@sign1                   cstackCOMMON 00078
___int_sp                        stack        00000
___latbits                       (abs)        00001
___lmul                          text28       00CCE
___lmul@multiplicand             cstackCOMMON 00074
___lmul@multiplier               cstackCOMMON 00070
___lmul@product                  cstackCOMMON 00078
___lwtoft                        text25       00BEE
___lwtoft@c                      cstackCOMMON 00078
___sp                            stack        00000
___wmul                          text23       00C16
___wmul@multiplicand             cstackCOMMON 00072
___wmul@multiplier               cstackCOMMON 00070
___wmul@product                  cstackCOMMON 00074
__end_of_Generate_Desired        text26       007E5
__end_of_Go_To_Desired           text11       00087
__end_of_Heartbeat               text16       002AF
__end_of_OSCILLATOR_Initialize   text10       00BB6
__end_of_PIN_MANAGER_Initialize  text9        00E31
__end_of_PWM1_Initialize         text8        00BCC
__end_of_PWM1_LoadDutyValue      text15       00C8C
__end_of_PWM2_Initialize         text7        00BD4
__end_of_PWM2_LoadDutyValue      text14       00CAC
__end_of_PWM3_Initialize         text6        00BE5
__end_of_PWM3_LoadDutyValue      text13       00C4E
__end_of_SYSTEM_Initialize       text2        00C16
__end_of_Step                    text12       004D6
__end_of_TMR2_Initialize         text4        00BEE
__end_of_TMR2_StartTimer         text5        00BA8
__end_of_WDT_Initialize          text3        00BAC
__end_of___altoft                text21       00DAB
__end_of___awtoft                text34       00CCE
__end_of___ftadd                 text33       003A5
__end_of___ftdiv                 text32       00130
__end_of___ftge                  text31       00D6E
__end_of___ftmul                 text30       001E4
__end_of___ftneg                 text29       00BC4
__end_of___ftpack                text35       00EF5
__end_of___ftsub                 text24       00C6C
__end_of___fttol                 text20       01000
__end_of___lmul                  text28       00CFD
__end_of___lwtoft                text25       00C01
__end_of___wmul                  text23       00C31
__end_of__initialization         cinit        007FD
__end_of_eval_poly               text22       00E91
__end_of_floor                   text18       00F7A
__end_of_frexp                   text19       00D32
__end_of_main                    maintext     00015
__end_of_rand                    text27       00DEE
__end_of_sin                     text17       0062D
__end_of_srand                   text1        00BDC
__end_ofsin@coeff_a              stringtext   0080F
__end_ofsin@coeff_b              stringtext   0081B
__initialization                 cinit        007E5
__pbssBANK1                      bssBANK1     000A0
__pcstackBANK0                   cstackBANK0  00020
__pcstackBANK1                   cstackBANK1  000C3
__pcstackCOMMON                  cstackCOMMON 00070
__pdataBANK1                     dataBANK1    000D2
__pidataBANK1                    idataBANK1   00BAC
__pmaintext                      maintext     00004
__pstringtext                    stringtext   00800
__ptext1                         text1        00BD4
__ptext10                        text10       00BB0
__ptext11                        text11       00015
__ptext12                        text12       003A5
__ptext13                        text13       00C31
__ptext14                        text14       00C8C
__ptext15                        text15       00C6C
__ptext16                        text16       001E4
__ptext17                        text17       004D6
__ptext18                        text18       00EF5
__ptext19                        text19       00CFD
__ptext2                         text2        00C01
__ptext20                        text20       00F7A
__ptext21                        text21       00D6E
__ptext22                        text22       00E31
__ptext23                        text23       00C16
__ptext24                        text24       00C4E
__ptext25                        text25       00BEE
__ptext26                        text26       0062D
__ptext27                        text27       00DAB
__ptext28                        text28       00CCE
__ptext29                        text29       00BBC
__ptext3                         text3        00BA8
__ptext30                        text30       00130
__ptext31                        text31       00D32
__ptext32                        text32       00087
__ptext33                        text33       002AF
__ptext34                        text34       00CAC
__ptext35                        text35       00E91
__ptext4                         text4        00BE5
__ptext5                         text5        00BA5
__ptext6                         text6        00BDC
__ptext7                         text7        00BCC
__ptext8                         text8        00BC4
__ptext9                         text9        00DEE
__size_of_Generate_Desired       (abs)        00000
__size_of_Go_To_Desired          (abs)        00000
__size_of_Heartbeat              (abs)        00000
__size_of_OSCILLATOR_Initialize  (abs)        00000
__size_of_PIN_MANAGER_Initialize (abs)        00000
__size_of_PWM1_Initialize        (abs)        00000
__size_of_PWM1_LoadDutyValue     (abs)        00000
__size_of_PWM2_Initialize        (abs)        00000
__size_of_PWM2_LoadDutyValue     (abs)        00000
__size_of_PWM3_Initialize        (abs)        00000
__size_of_PWM3_LoadDutyValue     (abs)        00000
__size_of_SYSTEM_Initialize      (abs)        00000
__size_of_Step                   (abs)        00000
__size_of_TMR2_Initialize        (abs)        00000
__size_of_TMR2_StartTimer        (abs)        00000
__size_of_WDT_Initialize         (abs)        00000
__size_of___altoft               (abs)        00000
__size_of___awtoft               (abs)        00000
__size_of___ftadd                (abs)        00000
__size_of___ftdiv                (abs)        00000
__size_of___ftge                 (abs)        00000
__size_of___ftmul                (abs)        00000
__size_of___ftneg                (abs)        00000
__size_of___ftpack               (abs)        00000
__size_of___ftsub                (abs)        00000
__size_of___fttol                (abs)        00000
__size_of___lmul                 (abs)        00000
__size_of___lwtoft               (abs)        00000
__size_of___wmul                 (abs)        00000
__size_of_eval_poly              (abs)        00000
__size_of_floor                  (abs)        00000
__size_of_frexp                  (abs)        00000
__size_of_main                   (abs)        00000
__size_of_rand                   (abs)        00000
__size_of_sin                    (abs)        00000
__size_of_srand                  (abs)        00000
_eval_poly                       text22       00E31
_floor                           text18       00EF5
_frexp                           text19       00CFD
_heartbeat                       bssBANK1     000BD
_main                            maintext     00004
_rand                            text27       00DAB
_randx                           dataBANK1    000D2
_sin                             text17       004D6
_sin$769                         cstackBANK0  00064
_srand                           text1        00BD4
_timeSinceLastUpdate             bssBANK1     000BF
btemp                            (abs)        0007E
clear_ram0                       clrtext      00BB6
end_of_initialization            cinit        007FD
eval_poly@d                      cstackBANK0  00040
eval_poly@n                      cstackBANK0  00042
eval_poly@res                    cstackBANK0  00044
eval_poly@x                      cstackBANK0  0003D
floor@expon                      cstackBANK0  00044
floor@i                          cstackBANK0  00041
floor@x                          cstackBANK0  0003D
frexp@eptr                       cstackCOMMON 00073
frexp@value                      cstackCOMMON 00070
intlevel0                        functab      00000
intlevel1                        functab      00000
intlevel2                        functab      00000
intlevel3                        functab      00000
intlevel4                        functab      00000
intlevel5                        functab      00000
reset_vec                        reset_vec    00000
sin@coeff_a                      stringtext   00800
sin@coeff_b                      stringtext   0080F
sin@f                            cstackBANK0  0005D
sin@sgn                          cstackBANK0  0006A
sin@x2                           cstackBANK0  00067
sin@y                            cstackBANK0  00061
srand@x                          cstackCOMMON 00070
stackhi                          (abs)        021EF
stacklo                          (abs)        02086
start                            init         00002
start_initialization             cinit        007E5
wtemp0                           (abs)        0007E


FUNCTION INFORMATION:

 *************** function _main *****************
 Defined at:
		line 137 in file "main.c"
 Parameters:    Size  Location     Type
		None
 Auto vars:     Size  Location     Type
		None
 Return value:  Size  Location     Type
                  1    wreg      void 
 Registers used:
		wreg, fsr0l, fsr0h, fsr1l, fsr1h, status,2, status,0, pclath, cstack
 Tracked objects:
		On entry : 
		On exit  : 
		Unchanged: 
 Data sizes:     COMMON   BANK0   BANK1   BANK2   BANK3   BANK4   BANK5   BANK6
      Params:         0       0       0       0       0       0       0       0
      Locals:         0       0       0       0       0       0       0       0
      Temps:          0       0       0       0       0       0       0       0
      Totals:         0       0       0       0       0       0       0       0
Total ram usage:        0 bytes
 Hardware stack levels required when called:    7
 This function calls:
		_Generate_Desired
		_Go_To_Desired
		_SYSTEM_Initialize
		_srand
 This function is called by:
		Startup code after reset
 This function uses a non-reentrant model


 *************** function _srand *****************
 Defined at:
		line 6 in file "C:\Program Files (x86)\Microchip\xc8\v1.41\sources\common\rand.c"
 Parameters:    Size  Location     Type
  x               2    0[COMMON] unsigned int 
 Auto vars:     Size  Location     Type
		None
 Return value:  Size  Location     Type
                  1    wreg      void 
 Registers used:
		wreg
 Tracked objects:
		On entry : 
		On exit  : 
		Unchanged: 
 Data sizes:     COMMON   BANK0   BANK1   BANK2   BANK3   BANK4   BANK5   BANK6
      Params:         2       0       0       0       0       0       0       0
      Locals:         0       0       0       0       0       0       0       0
      Temps:          0       0       0       0       0       0       0       0
      Totals:         2       0       0       0       0       0       0       0
Total ram usage:        2 bytes
 Hardware stack levels used:    1
 This function calls:
		Nothing
 This function is called by:
		_main
 This function uses a non-reentrant model


 *************** function _SYSTEM_Initialize *****************
 Defined at:
		line 71 in file "mcc_generated_files/mcc.c"
 Parameters:    Size  Location     Type
		None
 Auto vars:     Size  Location     Type
		None
 Return value:  Size  Location     Type
                  1    wreg      void 
 Registers used:
		wreg, status,2, status,0, pclath, cstack
 Tracked objects:
		On entry : 
		On exit  : 
		Unchanged: 
 Data sizes:     COMMON   BANK0   BANK1   BANK2   BANK3   BANK4   BANK5   BANK6
      Params:         0       0       0       0       0       0       0       0
      Locals:         0       0       0       0       0       0       0       0
      Temps:          0       0       0       0       0       0       0       0
      Totals:         0       0       0       0       0       0       0       0
Total ram usage:        0 bytes
 Hardware stack levels used:    1
 Hardware stack levels required when called:    2
 This function calls:
		_OSCILLATOR_Initialize
		_PIN_MANAGER_Initialize
		_PWM1_Initialize
		_PWM2_Initialize
		_PWM3_Initialize
		_TMR2_Initialize
		_WDT_Initialize
 This function is called by:
		_main
 This function uses a non-reentrant model


 *************** function _WDT_Initialize *****************
 Defined at:
		line 95 in file "mcc_generated_files/mcc.c"
 Parameters:    Size  Location     Type
		None
 Auto vars:     Size  Location     Type
		None
 Return value:  Size  Location     Type
                  1    wreg      void 
 Registers used:
		wreg
 Tracked objects:
		On entry : 
		On exit  : 
		Unchanged: 
 Data sizes:     COMMON   BANK0   BANK1   BANK2   BANK3   BANK4   BANK5   BANK6
      Params:         0       0       0       0       0       0       0       0
      Locals:         0       0       0       0       0       0       0       0
      Temps:          0       0       0       0       0       0       0       0
      Totals:         0       0       0       0       0       0       0       0
Total ram usage:        0 bytes
 Hardware stack levels used:    1
 This function calls:
		Nothing
 This function is called by:
		_SYSTEM_Initialize
 This function uses a non-reentrant model


 *************** function _TMR2_Initialize *****************
 Defined at:
		line 63 in file "mcc_generated_files/tmr2.c"
 Parameters:    Size  Location     Type
		None
 Auto vars:     Size  Location     Type
		None
 Return value:  Size  Location     Type
                  1    wreg      void 
 Registers used:
		wreg, status,2, status,0, pclath, cstack
 Tracked objects:
		On entry : 
		On exit  : 
		Unchanged: 
 Data sizes:     COMMON   BANK0   BANK1   BANK2   BANK3   BANK4   BANK5   BANK6
      Params:         0       0       0       0       0       0       0       0
      Locals:         0       0       0       0       0       0       0       0
      Temps:          0       0       0       0       0       0       0       0
      Totals:         0       0       0       0       0       0       0       0
Total ram usage:        0 bytes
 Hardware stack levels used:    1
 Hardware stack levels required when called:    1
 This function calls:
		_TMR2_StartTimer
 This function is called by:
		_SYSTEM_Initialize
 This function uses a non-reentrant model


 *************** function _TMR2_StartTimer *****************
 Defined at:
		line 83 in file "mcc_generated_files/tmr2.c"
 Parameters:    Size  Location     Type
		None
 Auto vars:     Size  Location     Type
		None
 Return value:  Size  Location     Type
                  1    wreg      void 
 Registers used:
		None
 Tracked objects:
		On entry : 
		On exit  : 
		Unchanged: 
 Data sizes:     COMMON   BANK0   BANK1   BANK2   BANK3   BANK4   BANK5   BANK6
      Params:         0       0       0       0       0       0       0       0
      Locals:         0       0       0       0       0       0       0       0
      Temps:          0       0       0       0       0       0       0       0
      Totals:         0       0       0       0       0       0       0       0
Total ram usage:        0 bytes
 Hardware stack levels used:    1
 This function calls:
		Nothing
 This function is called by:
		_TMR2_Initialize
 This function uses a non-reentrant model


 *************** function _PWM3_Initialize *****************
 Defined at:
		line 57 in file "mcc_generated_files/pwm3.c"
 Parameters:    Size  Location     Type
		None
 Auto vars:     Size  Location     Type
		None
 Return value:  Size  Location     Type
                  1    wreg      void 
 Registers used:
		wreg, status,2, status,0
 Tracked objects:
		On entry : 
		On exit  : 
		Unchanged: 
 Data sizes:     COMMON   BANK0   BANK1   BANK2   BANK3   BANK4   BANK5   BANK6
      Params:         0       0       0       0       0       0       0       0
      Locals:         0       0       0       0       0       0       0       0
      Temps:          0       0       0       0       0       0       0       0
      Totals:         0       0       0       0       0       0       0       0
Total ram usage:        0 bytes
 Hardware stack levels used:    1
 This function calls:
		Nothing
 This function is called by:
		_SYSTEM_Initialize
 This function uses a non-reentrant model


 *************** function _PWM2_Initialize *****************
 Defined at:
		line 63 in file "mcc_generated_files/pwm2.c"
 Parameters:    Size  Location     Type
		None
 Auto vars:     Size  Location     Type
		None
 Return value:  Size  Location     Type
                  1    wreg      void 
 Registers used:
		wreg, status,2, status,0
 Tracked objects:
		On entry : 
		On exit  : 
		Unchanged: 
 Data sizes:     COMMON   BANK0   BANK1   BANK2   BANK3   BANK4   BANK5   BANK6
      Params:         0       0       0       0       0       0       0       0
      Locals:         0       0       0       0       0       0       0       0
      Temps:          0       0       0       0       0       0       0       0
      Totals:         0       0       0       0       0       0       0       0
Total ram usage:        0 bytes
 Hardware stack levels used:    1
 This function calls:
		Nothing
 This function is called by:
		_SYSTEM_Initialize
 This function uses a non-reentrant model


 *************** function _PWM1_Initialize *****************
 Defined at:
		line 63 in file "mcc_generated_files/pwm1.c"
 Parameters:    Size  Location     Type
		None
 Auto vars:     Size  Location     Type
		None
 Return value:  Size  Location     Type
                  1    wreg      void 
 Registers used:
		wreg, status,2, status,0
 Tracked objects:
		On entry : 
		On exit  : 
		Unchanged: 
 Data sizes:     COMMON   BANK0   BANK1   BANK2   BANK3   BANK4   BANK5   BANK6
      Params:         0       0       0       0       0       0       0       0
      Locals:         0       0       0       0       0       0       0       0
      Temps:          0       0       0       0       0       0       0       0
      Totals:         0       0       0       0       0       0       0       0
Total ram usage:        0 bytes
 Hardware stack levels used:    1
 This function calls:
		Nothing
 This function is called by:
		_SYSTEM_Initialize
 This function uses a non-reentrant model


 *************** function _PIN_MANAGER_Initialize *****************
 Defined at:
		line 51 in file "mcc_generated_files/pin_manager.c"
 Parameters:    Size  Location     Type
		None
 Auto vars:     Size  Location     Type
  state           1    0[COMMON] unsigned char 
 Return value:  Size  Location     Type
                  1    wreg      void 
 Registers used:
		wreg, status,2, status,0
 Tracked objects:
		On entry : 
		On exit  : 
		Unchanged: 
 Data sizes:     COMMON   BANK0   BANK1   BANK2   BANK3   BANK4   BANK5   BANK6
      Params:         0       0       0       0       0       0       0       0
      Locals:         1       0       0       0       0       0       0       0
      Temps:          0       0       0       0       0       0       0       0
      Totals:         1       0       0       0       0       0       0       0
Total ram usage:        1 bytes
 Hardware stack levels used:    1
 This function calls:
		Nothing
 This function is called by:
		_SYSTEM_Initialize
 This function uses a non-reentrant model


 *************** function _OSCILLATOR_Initialize *****************
 Defined at:
		line 83 in file "mcc_generated_files/mcc.c"
 Parameters:    Size  Location     Type
		None
 Auto vars:     Size  Location     Type
		None
 Return value:  Size  Location     Type
                  1    wreg      void 
 Registers used:
		wreg, status,2
 Tracked objects:
		On entry : 
		On exit  : 
		Unchanged: 
 Data sizes:     COMMON   BANK0   BANK1   BANK2   BANK3   BANK4   BANK5   BANK6
      Params:         0       0       0       0       0       0       0       0
      Locals:         0       0       0       0       0       0       0       0
      Temps:          0       0       0       0       0       0       0       0
      Totals:         0       0       0       0       0       0       0       0
Total ram usage:        0 bytes
 Hardware stack levels used:    1
 This function calls:
		Nothing
 This function is called by:
		_SYSTEM_Initialize
 This function uses a non-reentrant model


 *************** function _Go_To_Desired *****************
 Defined at:
		line 125 in file "main.c"
 Parameters:    Size  Location     Type
		None
 Auto vars:     Size  Location     Type
		None
 Return value:  Size  Location     Type
                  1    wreg      void 
 Registers used:
		wreg, fsr0l, fsr0h, fsr1l, fsr1h, status,2, status,0, pclath, cstack
 Tracked objects:
		On entry : 
		On exit  : 
		Unchanged: 
 Data sizes:     COMMON   BANK0   BANK1   BANK2   BANK3   BANK4   BANK5   BANK6
      Params:         0       0       0       0       0       0       0       0
      Locals:         0       0       0       0       0       0       0       0
      Temps:          0       0       0       0       0       0       0       0
      Totals:         0       0       0       0       0       0       0       0
Total ram usage:        0 bytes
 Hardware stack levels used:    1
 Hardware stack levels required when called:    6
 This function calls:
		_Step
		___ftge
 This function is called by:
		_main
 This function uses a non-reentrant model


 *************** function _Step *****************
 Defined at:
		line 101 in file "main.c"
 Parameters:    Size  Location     Type
		None
 Auto vars:     Size  Location     Type
		None
 Return value:  Size  Location     Type
                  1    wreg      void 
 Registers used:
		wreg, fsr0l, fsr0h, fsr1l, fsr1h, status,2, status,0, pclath, cstack
 Tracked objects:
		On entry : 
		On exit  : 
		Unchanged: 
 Data sizes:     COMMON   BANK0   BANK1   BANK2   BANK3   BANK4   BANK5   BANK6
      Params:         0       0       0       0       0       0       0       0
      Locals:         0       0       3       0       0       0       0       0
      Temps:          0       0       1       0       0       0       0       0
      Totals:         0       0       4       0       0       0       0       0
Total ram usage:        4 bytes
 Hardware stack levels used:    1
 Hardware stack levels required when called:    5
 This function calls:
		_Generate_Desired
		_Heartbeat
		_PWM1_LoadDutyValue
		_PWM2_LoadDutyValue
		_PWM3_LoadDutyValue
		___ftadd
		___ftge
		___fttol
		___lwtoft
 This function is called by:
		_Go_To_Desired
 This function uses a non-reentrant model


 *************** function _PWM3_LoadDutyValue *****************
 Defined at:
		line 74 in file "mcc_generated_files/pwm3.c"
 Parameters:    Size  Location     Type
  dutyValue       2   78[BANK0 ] unsigned int 
 Auto vars:     Size  Location     Type
		None
 Return value:  Size  Location     Type
                  1    wreg      void 
 Registers used:
		wreg, status,2, status,0
 Tracked objects:
		On entry : 
		On exit  : 
		Unchanged: 
 Data sizes:     COMMON   BANK0   BANK1   BANK2   BANK3   BANK4   BANK5   BANK6
      Params:         0       2       0       0       0       0       0       0
      Locals:         0       0       0       0       0       0       0       0
      Temps:          0       0       2       0       0       0       0       0
      Totals:         0       2       2       0       0       0       0       0
Total ram usage:        4 bytes
 Hardware stack levels used:    1
 This function calls:
		Nothing
 This function is called by:
		_Step
 This function uses a non-reentrant model


 *************** function _PWM2_LoadDutyValue *****************
 Defined at:
		line 80 in file "mcc_generated_files/pwm2.c"
 Parameters:    Size  Location     Type
  dutyValue       2   78[BANK0 ] unsigned int 
 Auto vars:     Size  Location     Type
		None
 Return value:  Size  Location     Type
                  1    wreg      void 
 Registers used:
		wreg, status,2, status,0
 Tracked objects:
		On entry : 
		On exit  : 
		Unchanged: 
 Data sizes:     COMMON   BANK0   BANK1   BANK2   BANK3   BANK4   BANK5   BANK6
      Params:         0       2       0       0       0       0       0       0
      Locals:         0       0       0       0       0       0       0       0
      Temps:          0       0       2       0       0       0       0       0
      Totals:         0       2       2       0       0       0       0       0
Total ram usage:        4 bytes
 Hardware stack levels used:    1
 This function calls:
		Nothing
 This function is called by:
		_Step
 This function uses a non-reentrant model


 *************** function _PWM1_LoadDutyValue *****************
 Defined at:
		line 80 in file "mcc_generated_files/pwm1.c"
 Parameters:    Size  Location     Type
  dutyValue       2   78[BANK0 ] unsigned int 
 Auto vars:     Size  Location     Type
		None
 Return value:  Size  Location     Type
                  1    wreg      void 
 Registers used:
		wreg, status,2, status,0
 Tracked objects:
		On entry : 
		On exit  : 
		Unchanged: 
 Data sizes:     COMMON   BANK0   BANK1   BANK2   BANK3   BANK4   BANK5   BANK6
      Params:         0       2       0       0       0       0       0       0
      Locals:         0       0       0       0       0       0       0       0
      Temps:          0       0       2       0       0       0       0       0
      Totals:         0       2       2       0       0       0       0       0
Total ram usage:        4 bytes
 Hardware stack levels used:    1
 This function calls:
		Nothing
 This function is called by:
		_Step
 This function uses a non-reentrant model


 *************** function _Heartbeat *****************
 Defined at:
		line 70 in file "main.c"
 Parameters:    Size  Location     Type
  SetVal          3   75[BANK0 ] float 
 Auto vars:     Size  Location     Type
		None
 Return value:  Size  Location     Type
                  3   75[BANK0 ] float 
 Registers used:
		wreg, fsr0l, fsr0h, fsr1l, fsr1h, status,2, status,0, pclath, cstack
 Tracked objects:
		On entry : 
		On exit  : 
		Unchanged: 
 Data sizes:     COMMON   BANK0   BANK1   BANK2   BANK3   BANK4   BANK5   BANK6
      Params:         0       3       0       0       0       0       0       0
      Locals:         0       0       9       0       0       0       0       0
      Temps:          0       0       0       0       0       0       0       0
      Totals:         0       3       9       0       0       0       0       0
Total ram usage:       12 bytes
 Hardware stack levels used:    1
 Hardware stack levels required when called:    4
 This function calls:
		___ftdiv
		___ftge
		___ftmul
		___ftsub
		___lwtoft
		_sin
 This function is called by:
		_Step
 This function uses a non-reentrant model


 *************** function _sin *****************
 Defined at:
		line 13 in file "C:\Program Files (x86)\Microchip\xc8\v1.41\sources\common\sin.c"
 Parameters:    Size  Location     Type
  f               3   61[BANK0 ] float 
 Auto vars:     Size  Location     Type
  x2              3   71[BANK0 ] float 
  y               3   65[BANK0 ] float 
  sgn             1   74[BANK0 ] unsigned char 
 Return value:  Size  Location     Type
                  3   61[BANK0 ] unsigned char 
 Registers used:
		wreg, fsr0l, fsr0h, fsr1l, fsr1h, status,2, status,0, pclath, cstack
 Tracked objects:
		On entry : 
		On exit  : 
		Unchanged: 
 Data sizes:     COMMON   BANK0   BANK1   BANK2   BANK3   BANK4   BANK5   BANK6
      Params:         0       3       0       0       0       0       0       0
      Locals:         0      10       0       0       0       0       0       0
      Temps:          0       1       0       0       0       0       0       0
      Totals:         0      14       0       0       0       0       0       0
Total ram usage:       14 bytes
 Hardware stack levels used:    1
 Hardware stack levels required when called:    3
 This function calls:
		___ftadd
		___ftdiv
		___ftge
		___ftmul
		___ftneg
		___ftsub
		_eval_poly
		_floor
 This function is called by:
		_Heartbeat
 This function uses a non-reentrant model


 *************** function _floor *****************
 Defined at:
		line 13 in file "C:\Program Files (x86)\Microchip\xc8\v1.41\sources\common\floor.c"
 Parameters:    Size  Location     Type
  x               3   29[BANK0 ] unsigned char 
 Auto vars:     Size  Location     Type
  i               3   33[BANK0 ] unsigned char 
  expon           2   36[BANK0 ] int 
 Return value:  Size  Location     Type
                  3   29[BANK0 ] int 
 Registers used:
		wreg, fsr1l, fsr1h, status,2, status,0, pclath, cstack
 Tracked objects:
		On entry : 
		On exit  : 
		Unchanged: 
 Data sizes:     COMMON   BANK0   BANK1   BANK2   BANK3   BANK4   BANK5   BANK6
      Params:         0       3       0       0       0       0       0       0
      Locals:         0       5       0       0       0       0       0       0
      Temps:          0       1       0       0       0       0       0       0
      Totals:         0       9       0       0       0       0       0       0
Total ram usage:        9 bytes
 Hardware stack levels used:    1
 Hardware stack levels required when called:    2
 This function calls:
		___altoft
		___ftadd
		___ftge
		___fttol
		_frexp
 This function is called by:
		_sin
 This function uses a non-reentrant model


 *************** function _frexp *****************
 Defined at:
		line 254 in file "C:\Program Files (x86)\Microchip\xc8\v1.41\sources\common\frexp.c"
 Parameters:    Size  Location     Type
  value           3    0[COMMON] int 
  eptr            1    3[COMMON] PTR int 
		 -> floor@expon(2), 
 Auto vars:     Size  Location     Type
		None
 Return value:  Size  Location     Type
                  3    0[COMMON] PTR int 
 Registers used:
		wreg, fsr1l, fsr1h, status,2, status,0
 Tracked objects:
		On entry : 
		On exit  : 
		Unchanged: 
 Data sizes:     COMMON   BANK0   BANK1   BANK2   BANK3   BANK4   BANK5   BANK6
      Params:         4       0       0       0       0       0       0       0
      Locals:         0       0       0       0       0       0       0       0
      Temps:          2       0       0       0       0       0       0       0
      Totals:         6       0       0       0       0       0       0       0
Total ram usage:        6 bytes
 Hardware stack levels used:    1
 This function calls:
		Nothing
 This function is called by:
		_floor
 This function uses a non-reentrant model


 *************** function ___fttol *****************
 Defined at:
		line 44 in file "C:\Program Files (x86)\Microchip\xc8\v1.41\sources\common\fttol.c"
 Parameters:    Size  Location     Type
  f1              3    0[COMMON] float 
 Auto vars:     Size  Location     Type
  lval            4    9[COMMON] unsigned long 
  exp1            1   13[COMMON] unsigned char 
  sign1           1    8[COMMON] unsigned char 
 Return value:  Size  Location     Type
                  4    0[COMMON] long 
 Registers used:
		wreg, status,2, status,0
 Tracked objects:
		On entry : 
		On exit  : 
		Unchanged: 
 Data sizes:     COMMON   BANK0   BANK1   BANK2   BANK3   BANK4   BANK5   BANK6
      Params:         4       0       0       0       0       0       0       0
      Locals:         6       0       0       0       0       0       0       0
      Temps:          4       0       0       0       0       0       0       0
      Totals:        14       0       0       0       0       0       0       0
Total ram usage:       14 bytes
 Hardware stack levels used:    1
 This function calls:
		Nothing
 This function is called by:
		_Step
		_floor
 This function uses a non-reentrant model


 *************** function ___altoft *****************
 Defined at:
		line 42 in file "C:\Program Files (x86)\Microchip\xc8\v1.41\sources\common\altoft.c"
 Parameters:    Size  Location     Type
  c               4    0[BANK0 ] long 
 Auto vars:     Size  Location     Type
  sign            1    7[BANK0 ] unsigned char 
  exp             1    6[BANK0 ] unsigned char 
 Return value:  Size  Location     Type
                  3    0[BANK0 ] float 
 Registers used:
		wreg, status,2, status,0, pclath, cstack
 Tracked objects:
		On entry : 
		On exit  : 
		Unchanged: 
 Data sizes:     COMMON   BANK0   BANK1   BANK2   BANK3   BANK4   BANK5   BANK6
      Params:         0       4       0       0       0       0       0       0
      Locals:         0       2       0       0       0       0       0       0
      Temps:          0       2       0       0       0       0       0       0
      Totals:         0       8       0       0       0       0       0       0
Total ram usage:        8 bytes
 Hardware stack levels used:    1
 Hardware stack levels required when called:    1
 This function calls:
		___ftpack
 This function is called by:
		_floor
 This function uses a non-reentrant model


 *************** function _eval_poly *****************
 Defined at:
		line 4 in file "C:\Program Files (x86)\Microchip\xc8\v1.41\sources\common\evalpoly.c"
 Parameters:    Size  Location     Type
  x               3   29[BANK0 ] float 
  d               2   32[BANK0 ] PTR const 
		 -> sin@coeff_a(15), sin@coeff_b(12), 
  n               2   34[BANK0 ] int 
 Auto vars:     Size  Location     Type
  res             3   36[BANK0 ] int 
 Return value:  Size  Location     Type
                  3   29[BANK0 ] int 
 Registers used:
		wreg, fsr0l, fsr0h, status,2, status,0, pclath, cstack
 Tracked objects:
		On entry : 
		On exit  : 
		Unchanged: 
 Data sizes:     COMMON   BANK0   BANK1   BANK2   BANK3   BANK4   BANK5   BANK6
      Params:         0       7       0       0       0       0       0       0
      Locals:         0       3       0       0       0       0       0       0
      Temps:          0       0       0       0       0       0       0       0
      Totals:         0      10       0       0       0       0       0       0
Total ram usage:       10 bytes
 Hardware stack levels used:    1
 Hardware stack levels required when called:    2
 This function calls:
		___ftadd
		___ftmul
		___wmul
 This function is called by:
		_sin
 This function uses a non-reentrant model


 *************** function ___wmul *****************
 Defined at:
		line 15 in file "C:\Program Files (x86)\Microchip\xc8\v1.41\sources\common\Umul16.c"
 Parameters:    Size  Location     Type
  multiplier      2    0[COMMON] unsigned int 
  multiplicand    2    2[COMMON] unsigned int 
 Auto vars:     Size  Location     Type
  product         2    4[COMMON] unsigned int 
 Return value:  Size  Location     Type
                  2    0[COMMON] unsigned int 
 Registers used:
		wreg, status,2, status,0
 Tracked objects:
		On entry : 
		On exit  : 
		Unchanged: 
 Data sizes:     COMMON   BANK0   BANK1   BANK2   BANK3   BANK4   BANK5   BANK6
      Params:         4       0       0       0       0       0       0       0
      Locals:         2       0       0       0       0       0       0       0
      Temps:          0       0       0       0       0       0       0       0
      Totals:         6       0       0       0       0       0       0       0
Total ram usage:        6 bytes
 Hardware stack levels used:    1
 This function calls:
		Nothing
 This function is called by:
		_eval_poly
 This function uses a non-reentrant model


 *************** function ___ftsub *****************
 Defined at:
		line 18 in file "C:\Program Files (x86)\Microchip\xc8\v1.41\sources\common\ftsub.c"
 Parameters:    Size  Location     Type
  f2              3   55[BANK0 ] float 
  f1              3   58[BANK0 ] float 
 Auto vars:     Size  Location     Type
		None
 Return value:  Size  Location     Type
                  3   55[BANK0 ] float 
 Registers used:
		wreg, status,2, status,0, pclath, cstack
 Tracked objects:
		On entry : 
		On exit  : 
		Unchanged: 
 Data sizes:     COMMON   BANK0   BANK1   BANK2   BANK3   BANK4   BANK5   BANK6
      Params:         0       6       0       0       0       0       0       0
      Locals:         0       0       0       0       0       0       0       0
      Temps:          0       0       0       0       0       0       0       0
      Totals:         0       6       0       0       0       0       0       0
Total ram usage:        6 bytes
 Hardware stack levels used:    1
 Hardware stack levels required when called:    2
 This function calls:
		___ftadd
 This function is called by:
		_Heartbeat
		_sin
 This function uses a non-reentrant model


 *************** function ___lwtoft *****************
 Defined at:
		line 28 in file "C:\Program Files (x86)\Microchip\xc8\v1.41\sources\common\lwtoft.c"
 Parameters:    Size  Location     Type
  c               2    8[COMMON] unsigned int 
 Auto vars:     Size  Location     Type
		None
 Return value:  Size  Location     Type
                  3    8[COMMON] float 
 Registers used:
		wreg, status,2, status,0, pclath, cstack
 Tracked objects:
		On entry : 
		On exit  : 
		Unchanged: 
 Data sizes:     COMMON   BANK0   BANK1   BANK2   BANK3   BANK4   BANK5   BANK6
      Params:         3       0       0       0       0       0       0       0
      Locals:         0       0       0       0       0       0       0       0
      Temps:          1       0       0       0       0       0       0       0
      Totals:         4       0       0       0       0       0       0       0
Total ram usage:        4 bytes
 Hardware stack levels used:    1
 Hardware stack levels required when called:    1
 This function calls:
		___ftpack
 This function is called by:
		_Heartbeat
		_Step
 This function uses a non-reentrant model


 *************** function _Generate_Desired *****************
 Defined at:
		line 82 in file "main.c"
 Parameters:    Size  Location     Type
		None
 Auto vars:     Size  Location     Type
  sum             3   67[BANK0 ] float 
  rand3           3   64[BANK0 ] float 
  rand2           3   61[BANK0 ] float 
  rand1           3   58[BANK0 ] float 
 Return value:  Size  Location     Type
                  1    wreg      void 
 Registers used:
		wreg, status,2, status,0, pclath, cstack
 Tracked objects:
		On entry : 
		On exit  : 
		Unchanged: 
 Data sizes:     COMMON   BANK0   BANK1   BANK2   BANK3   BANK4   BANK5   BANK6
      Params:         0       0       0       0       0       0       0       0
      Locals:         0      15       0       0       0       0       0       0
      Temps:          0       0       0       0       0       0       0       0
      Totals:         0      15       0       0       0       0       0       0
Total ram usage:       15 bytes
 Hardware stack levels used:    1
 Hardware stack levels required when called:    2
 This function calls:
		___awtoft
		___ftadd
		___ftdiv
		___ftge
		___ftmul
		___ftneg
		_rand
 This function is called by:
		_Step
		_main
 This function uses a non-reentrant model


 *************** function _rand *****************
 Defined at:
		line 12 in file "C:\Program Files (x86)\Microchip\xc8\v1.41\sources\common\rand.c"
 Parameters:    Size  Location     Type
		None
 Auto vars:     Size  Location     Type
		None
 Return value:  Size  Location     Type
                  2   12[COMMON] int 
 Registers used:
		wreg, status,2, status,0, pclath, cstack
 Tracked objects:
		On entry : 
		On exit  : 
		Unchanged: 
 Data sizes:     COMMON   BANK0   BANK1   BANK2   BANK3   BANK4   BANK5   BANK6
      Params:         2       0       0       0       0       0       0       0
      Locals:         0       0       0       0       0       0       0       0
      Temps:          0       5       0       0       0       0       0       0
      Totals:         2       5       0       0       0       0       0       0
Total ram usage:        7 bytes
 Hardware stack levels used:    1
 Hardware stack levels required when called:    1
 This function calls:
		___lmul
 This function is called by:
		_Generate_Desired
 This function uses a non-reentrant model


 *************** function ___lmul *****************
 Defined at:
		line 15 in file "C:\Program Files (x86)\Microchip\xc8\v1.41\sources\common\Umul32.c"
 Parameters:    Size  Location     Type
  multiplier      4    0[COMMON] unsigned long 
  multiplicand    4    4[COMMON] unsigned long 
 Auto vars:     Size  Location     Type
  product         4    8[COMMON] unsigned long 
 Return value:  Size  Location     Type
                  4    0[COMMON] unsigned long 
 Registers used:
		wreg, status,2, status,0
 Tracked objects:
		On entry : 
		On exit  : 
		Unchanged: 
 Data sizes:     COMMON   BANK0   BANK1   BANK2   BANK3   BANK4   BANK5   BANK6
      Params:         8       0       0       0       0       0       0       0
      Locals:         4       0       0       0       0       0       0       0
      Temps:          0       0       0       0       0       0       0       0
      Totals:        12       0       0       0       0       0       0       0
Total ram usage:       12 bytes
 Hardware stack levels used:    1
 This function calls:
		Nothing
 This function is called by:
		_rand
 This function uses a non-reentrant model


 *************** function ___ftneg *****************
 Defined at:
		line 15 in file "C:\Program Files (x86)\Microchip\xc8\v1.41\sources\common\ftneg.c"
 Parameters:    Size  Location     Type
  f1              3    0[COMMON] float 
 Auto vars:     Size  Location     Type
		None
 Return value:  Size  Location     Type
                  3    0[COMMON] float 
 Registers used:
		wreg
 Tracked objects:
		On entry : 
		On exit  : 
		Unchanged: 
 Data sizes:     COMMON   BANK0   BANK1   BANK2   BANK3   BANK4   BANK5   BANK6
      Params:         3       0       0       0       0       0       0       0
      Locals:         0       0       0       0       0       0       0       0
      Temps:          0       0       0       0       0       0       0       0
      Totals:         3       0       0       0       0       0       0       0
Total ram usage:        3 bytes
 Hardware stack levels used:    1
 This function calls:
		Nothing
 This function is called by:
		_Generate_Desired
		_sin
 This function uses a non-reentrant model


 *************** function ___ftmul *****************
 Defined at:
		line 62 in file "C:\Program Files (x86)\Microchip\xc8\v1.41\sources\common\ftmul.c"
 Parameters:    Size  Location     Type
  f1              3    0[BANK0 ] float 
  f2              3    3[BANK0 ] float 
 Auto vars:     Size  Location     Type
  f3_as_produc    3   11[BANK0 ] unsigned um
  sign            1   15[BANK0 ] unsigned char 
  cntr            1   14[BANK0 ] unsigned char 
  exp             1   10[BANK0 ] unsigned char 
 Return value:  Size  Location     Type
                  3    0[BANK0 ] float 
 Registers used:
		wreg, status,2, status,0, pclath, cstack
 Tracked objects:
		On entry : 
		On exit  : 
		Unchanged: 
 Data sizes:     COMMON   BANK0   BANK1   BANK2   BANK3   BANK4   BANK5   BANK6
      Params:         0       6       0       0       0       0       0       0
      Locals:         0       6       0       0       0       0       0       0
      Temps:          0       4       0       0       0       0       0       0
      Totals:         0      16       0       0       0       0       0       0
Total ram usage:       16 bytes
 Hardware stack levels used:    1
 Hardware stack levels required when called:    1
 This function calls:
		___ftpack
 This function is called by:
		_Heartbeat
		_Generate_Desired
		_sin
		_eval_poly
 This function uses a non-reentrant model


 *************** function ___ftge *****************
 Defined at:
		line 4 in file "C:\Program Files (x86)\Microchip\xc8\v1.41\sources\common\ftge.c"
 Parameters:    Size  Location     Type
  ff1             3    0[BANK0 ] float 
  ff2             3    3[BANK0 ] float 
 Auto vars:     Size  Location     Type
		None
 Return value:  Size  Location     Type
		None               void
 Registers used:
		wreg, status,2, status,0
 Tracked objects:
		On entry : 
		On exit  : 
		Unchanged: 
 Data sizes:     COMMON   BANK0   BANK1   BANK2   BANK3   BANK4   BANK5   BANK6
      Params:         0       6       0       0       0       0       0       0
      Locals:         0       0       0       0       0       0       0       0
      Temps:          0       3       0       0       0       0       0       0
      Totals:         0       9       0       0       0       0       0       0
Total ram usage:        9 bytes
 Hardware stack levels used:    1
 This function calls:
		Nothing
 This function is called by:
		_Heartbeat
		_Generate_Desired
		_Step
		_Go_To_Desired
		_sin
		_floor
 This function uses a non-reentrant model


 *************** function ___ftdiv *****************
 Defined at:
		line 56 in file "C:\Program Files (x86)\Microchip\xc8\v1.41\sources\common\ftdiv.c"
 Parameters:    Size  Location     Type
  f2              3   39[BANK0 ] float 
  f1              3   42[BANK0 ] float 
 Auto vars:     Size  Location     Type
  f3              3   50[BANK0 ] float 
  sign            1   54[BANK0 ] unsigned char 
  exp             1   53[BANK0 ] unsigned char 
  cntr            1   49[BANK0 ] unsigned char 
 Return value:  Size  Location     Type
                  3   39[BANK0 ] float 
 Registers used:
		wreg, status,2, status,0, pclath, cstack
 Tracked objects:
		On entry : 
		On exit  : 
		Unchanged: 
 Data sizes:     COMMON   BANK0   BANK1   BANK2   BANK3   BANK4   BANK5   BANK6
      Params:         0       6       0       0       0       0       0       0
      Locals:         0       6       0       0       0       0       0       0
      Temps:          0       4       0       0       0       0       0       0
      Totals:         0      16       0       0       0       0       0       0
Total ram usage:       16 bytes
 Hardware stack levels used:    1
 Hardware stack levels required when called:    1
 This function calls:
		___ftpack
 This function is called by:
		_Heartbeat
		_Generate_Desired
		_sin
 This function uses a non-reentrant model


 *************** function ___ftadd *****************
 Defined at:
		line 86 in file "C:\Program Files (x86)\Microchip\xc8\v1.41\sources\common\ftadd.c"
 Parameters:    Size  Location     Type
  f1              3   16[BANK0 ] float 
  f2              3   19[BANK0 ] float 
 Auto vars:     Size  Location     Type
  exp1            1   28[BANK0 ] unsigned char 
  exp2            1   27[BANK0 ] unsigned char 
  sign            1   26[BANK0 ] unsigned char 
 Return value:  Size  Location     Type
                  3   16[BANK0 ] float 
 Registers used:
		wreg, status,2, status,0, pclath, cstack
 Tracked objects:
		On entry : 
		On exit  : 
		Unchanged: 
 Data sizes:     COMMON   BANK0   BANK1   BANK2   BANK3   BANK4   BANK5   BANK6
      Params:         0       6       0       0       0       0       0       0
      Locals:         0       3       0       0       0       0       0       0
      Temps:          0       4       0       0       0       0       0       0
      Totals:         0      13       0       0       0       0       0       0
Total ram usage:       13 bytes
 Hardware stack levels used:    1
 Hardware stack levels required when called:    1
 This function calls:
		___ftpack
 This function is called by:
		_Generate_Desired
		_Step
		___ftsub
		_sin
		_eval_poly
		_floor
 This function uses a non-reentrant model


 *************** function ___awtoft *****************
 Defined at:
		line 32 in file "C:\Program Files (x86)\Microchip\xc8\v1.41\sources\common\awtoft.c"
 Parameters:    Size  Location     Type
  c               2    5[BANK0 ] int 
 Auto vars:     Size  Location     Type
  sign            1   10[BANK0 ] unsigned char 
 Return value:  Size  Location     Type
                  3    5[BANK0 ] float 
 Registers used:
		wreg, status,2, status,0, pclath, cstack
 Tracked objects:
		On entry : 
		On exit  : 
		Unchanged: 
 Data sizes:     COMMON   BANK0   BANK1   BANK2   BANK3   BANK4   BANK5   BANK6
      Params:         0       3       0       0       0       0       0       0
      Locals:         0       1       0       0       0       0       0       0
      Temps:          0       2       0       0       0       0       0       0
      Totals:         0       6       0       0       0       0       0       0
Total ram usage:        6 bytes
 Hardware stack levels used:    1
 Hardware stack levels required when called:    1
 This function calls:
		___ftpack
 This function is called by:
		_Generate_Desired
 This function uses a non-reentrant model


 *************** function ___ftpack *****************
 Defined at:
		line 62 in file "C:\Program Files (x86)\Microchip\xc8\v1.41\sources\common\float.c"
 Parameters:    Size  Location     Type
  arg             3    0[COMMON] unsigned um
  exp             1    3[COMMON] unsigned char 
  sign            1    4[COMMON] unsigned char 
 Auto vars:     Size  Location     Type
		None
 Return value:  Size  Location     Type
                  3    0[COMMON] float 
 Registers used:
		wreg, status,2, status,0
 Tracked objects:
		On entry : 
		On exit  : 
		Unchanged: 
 Data sizes:     COMMON   BANK0   BANK1   BANK2   BANK3   BANK4   BANK5   BANK6
      Params:         5       0       0       0       0       0       0       0
      Locals:         0       0       0       0       0       0       0       0
      Temps:          3       0       0       0       0       0       0       0
      Totals:         8       0       0       0       0       0       0       0
Total ram usage:        8 bytes
 Hardware stack levels used:    1
 This function calls:
		Nothing
 This function is called by:
		___altoft
		___awtoft
		___ftadd
		___ftdiv
		___ftmul
		___lwtoft
 This function uses a non-reentrant model



MODULE INFORMATION

Module		Function		Class		Link	Load	Size
C:\Program Files (x86)\Microchip\xc8\v1.41\sources\common\fttol.c
		___fttol       		CODE           	0F7A	0000	135

C:\Program Files (x86)\Microchip\xc8\v1.41\sources\common\fttol.c estimated size: 135

C:\Program Files (x86)\Microchip\xc8\v1.41\sources\common\Umul16.c
		___wmul        		CODE           	0C16	0000	28

C:\Program Files (x86)\Microchip\xc8\v1.41\sources\common\Umul16.c estimated size: 28

mcc_generated_files/tmr2.c
		_TMR2_Initialize		CODE           	0BE5	0000	10
		_TMR2_StartTimer		CODE           	0BA5	0000	4

mcc_generated_files/tmr2.c estimated size: 14

mcc_generated_files/pwm2.c
		_PWM2_Initialize		CODE           	0BCC	0000	9
		_PWM2_LoadDutyValue		CODE           	0C8C	0000	33

mcc_generated_files/pwm2.c estimated size: 42

C:\Program Files (x86)\Microchip\xc8\v1.41\sources\common\ftadd.c
		___ftadd       		CODE           	02AF	0000	247

C:\Program Files (x86)\Microchip\xc8\v1.41\sources\common\ftadd.c estimated size: 247

C:\Program Files (x86)\Microchip\xc8\v1.41\sources\common\evalpoly.c
		_eval_poly     		CODE           	0E31	0000	97

C:\Program Files (x86)\Microchip\xc8\v1.41\sources\common\evalpoly.c estimated size: 97

mcc_generated_files/pin_manager.c
		_PIN_MANAGER_Initialize		CODE           	0DEE	0000	68

mcc_generated_files/pin_manager.c estimated size: 68

C:\Program Files (x86)\Microchip\xc8\v1.41\sources\common\ftge.c
		___ftge        		CODE           	0D32	0000	61

C:\Program Files (x86)\Microchip\xc8\v1.41\sources\common\ftge.c estimated size: 61

C:\Program Files (x86)\Microchip\xc8\v1.41\sources\common\Umul32.c
		___lmul        		CODE           	0CCE	0000	48

C:\Program Files (x86)\Microchip\xc8\v1.41\sources\common\Umul32.c estimated size: 48

C:\Program Files (x86)\Microchip\xc8\v1.41\sources\common\ftneg.c
		___ftneg       		CODE           	0BBC	0000	9

C:\Program Files (x86)\Microchip\xc8\v1.41\sources\common\ftneg.c estimated size: 9

C:\Program Files (x86)\Microchip\xc8\v1.41\sources\common\ftsub.c
		___ftsub       		CODE           	0C4E	0000	31

C:\Program Files (x86)\Microchip\xc8\v1.41\sources\common\ftsub.c estimated size: 31

C:\Program Files (x86)\Microchip\xc8\v1.41\sources\common\float.c
		___ftpack      		CODE           	0E91	0000	101

C:\Program Files (x86)\Microchip\xc8\v1.41\sources\common\float.c estimated size: 101

C:\Program Files (x86)\Microchip\xc8\v1.41\sources\common\rand.c
		_srand         		CODE           	0BD4	0000	9
		_rand          		CODE           	0DAB	0000	68

C:\Program Files (x86)\Microchip\xc8\v1.41\sources\common\rand.c estimated size: 77

shared
		__initialization		CODE           	07E5	0000	25
		sin@coeff_a    		STRCODE        	0800	0000	16
		sin@coeff_b    		STRCODE        	080F	0000	13

shared estimated size: 54

mcc_generated_files/mcc.c
		_WDT_Initialize		CODE           	0BA8	0000	5
		_OSCILLATOR_Initialize		CODE           	0BB0	0000	7
		_SYSTEM_Initialize		CODE           	0C01	0000	22

mcc_generated_files/mcc.c estimated size: 34

C:\Program Files (x86)\Microchip\xc8\v1.41\sources\common\sin.c
		_sin           		CODE           	04D6	0000	344

C:\Program Files (x86)\Microchip\xc8\v1.41\sources\common\sin.c estimated size: 344

C:\Program Files (x86)\Microchip\xc8\v1.41\sources\common\awtoft.c
		___awtoft      		CODE           	0CAC	0000	35

C:\Program Files (x86)\Microchip\xc8\v1.41\sources\common\awtoft.c estimated size: 35

mcc_generated_files/pwm3.c
		_PWM3_Initialize		CODE           	0BDC	0000	10
		_PWM3_LoadDutyValue		CODE           	0C31	0000	30

mcc_generated_files/pwm3.c estimated size: 40

C:\Program Files (x86)\Microchip\xc8\v1.41\sources\common\altoft.c
		___altoft      		CODE           	0D6E	0000	62

C:\Program Files (x86)\Microchip\xc8\v1.41\sources\common\altoft.c estimated size: 62

mcc_generated_files/pwm1.c
		_PWM1_Initialize		CODE           	0BC4	0000	9
		_PWM1_LoadDutyValue		CODE           	0C6C	0000	33

mcc_generated_files/pwm1.c estimated size: 42

C:\Program Files (x86)\Microchip\xc8\v1.41\sources\common\frexp.c
		_frexp         		CODE           	0CFD	0000	54

C:\Program Files (x86)\Microchip\xc8\v1.41\sources\common\frexp.c estimated size: 54

C:\Program Files (x86)\Microchip\xc8\v1.41\sources\common\floor.c
		_floor         		CODE           	0EF5	0000	134

C:\Program Files (x86)\Microchip\xc8\v1.41\sources\common\floor.c estimated size: 134

C:\Program Files (x86)\Microchip\xc8\v1.41\sources\common\ftmul.c
		___ftmul       		CODE           	0130	0000	181

C:\Program Files (x86)\Microchip\xc8\v1.41\sources\common\ftmul.c estimated size: 181

C:\Program Files (x86)\Microchip\xc8\v1.41\sources\common\lwtoft.c
		___lwtoft      		CODE           	0BEE	0000	20

C:\Program Files (x86)\Microchip\xc8\v1.41\sources\common\lwtoft.c estimated size: 20

main.c
		_Heartbeat     		CODE           	01E4	0000	204
		_Go_To_Desired 		CODE           	0015	0000	115
		_Generate_Desired		CODE           	062D	0000	441
		_main          		CODE           	0004	0000	18
		_Step          		CODE           	03A5	0000	306

main.c estimated size: 1084

C:\Program Files (x86)\Microchip\xc8\v1.41\sources\common\ftdiv.c
		___ftdiv       		CODE           	0087	0000	170

C:\Program Files (x86)\Microchip\xc8\v1.41\sources\common\ftdiv.c estimated size: 170

